******************************************************************************
                  TI ARM Linker PC v20.2.4                     
******************************************************************************
>> Linked Tue Apr  4 08:46:07 2023

OUTPUT FILE NAME:   <TP5_1_TIMER32.out>
ENTRY POINT SYMBOL: "_c_int00_noargs"  address: 00000a11


MEMORY CONFIGURATION

         name            origin    length      used     unused   attr    fill
----------------------  --------  ---------  --------  --------  ----  --------
  MAIN                  00000000   00040000  00000b78  0003f488  R  X
  INFO                  00200000   00004000  00000000  00004000  R  X
  SRAM_CODE             01000000   00010000  00000348  0000fcb8  RW X
  SRAM_DATA             20000000   00010000  00000348  0000fcb8  RW  


SEGMENT ALLOCATION MAP

run origin  load origin   length   init length attrs members
----------  ----------- ---------- ----------- ----- -------
00000000    00000000    00000b78   00000b78    r-x
  00000000    00000000    000000e4   000000e4    r-- .intvecs
  000000e4    000000e4    000009a0   000009a0    r-x .text
  00000a84    00000a84    000000c4   000000c4    r-- .const
  00000b48    00000b48    00000030   00000030    r-- .cinit
20000000    20000000    00000148   00000000    rw-
  20000000    20000000    00000140   00000000    rw- .vtable
  20000140    20000140    00000008   00000000    rw- .data
2000fe00    2000fe00    00000200   00000000    rw-
  2000fe00    2000fe00    00000200   00000000    rw- .stack


SECTION ALLOCATION MAP

 output                                  attributes/
section   page    origin      length       input sections
--------  ----  ----------  ----------   ----------------
.intvecs   0    00000000    000000e4     
                  00000000    000000e4     startup_msp432p401r_ccs.obj (.intvecs:retain)

.text      0    000000e4    000009a0     
                  000000e4    00000414     ige3016_lib.obj (.text)
                  000004f8    00000334     system_msp432p401r.obj (.text)
                  0000082c    0000009c     main.obj (.text)
                  000008c8    0000009c     rtsv7M4_T_le_v4SPD16_eabi.lib : memcpy_t2.asm.obj (.text)
                  00000964    00000068                                   : copy_decompress_lzss.c.obj (.text:decompress:lzss:__TI_decompress_lzss)
                  000009cc    00000044                                   : autoinit.c.obj (.text:__TI_auto_init_nobinit_nopinit:__TI_auto_init_nobinit_nopinit)
                  00000a10    00000034                                   : boot_cortex_m.c.obj (.text:_c_int00_noargs:_c_int00_noargs)
                  00000a44    0000001c                                   : copy_zero_init.c.obj (.text:decompress:ZI:__TI_zero_init_nomemset:__TI_zero_init_nomemset)
                  00000a60    0000000e                                   : copy_decompress_none.c.obj (.text:decompress:none:__TI_decompress_none)
                  00000a6e    0000000e     startup_msp432p401r_ccs.obj (.text)
                  00000a7c    00000004     rtsv7M4_T_le_v4SPD16_eabi.lib : pre_init.c.obj (.text:_system_pre_init)
                  00000a80    00000004                                   : exit.c.obj (.text:abort:abort)

.const     0    00000a84    000000c4     
                  00000a84    000000c4     ige3016_lib.obj (.const)

.cinit     0    00000b48    00000030     
                  00000b48    0000000c     (__TI_handler_table)
                  00000b54    0000000b     (.cinit..data.load) [load image, compression = lzss]
                  00000b5f    00000001     --HOLE-- [fill = 0]
                  00000b60    00000008     (.cinit..vtable.load) [load image, compression = zero_init]
                  00000b68    00000010     (__TI_cinit_table)

.init_array 
*          0    00000000    00000000     UNINITIALIZED

.binit     0    00000000    00000000     

.vtable    0    20000000    00000140     UNINITIALIZED
                  20000000    00000140     ige3016_lib.obj (.vtable:retain)

.data      0    20000140    00000008     UNINITIALIZED
                  20000140    00000004     main.obj (.data)
                  20000144    00000004     system_msp432p401r.obj (.data)

.stack     0    2000fe00    00000200     UNINITIALIZED
                  2000fe00    00000004     rtsv7M4_T_le_v4SPD16_eabi.lib : boot_cortex_m.c.obj (.stack)
                  2000fe04    000001fc     --HOLE--

__llvm_prf_cnts 
*          0    20000000    00000000     UNINITIALIZED

MODULE SUMMARY

       Module                        code   ro data   rw data
       ------                        ----   -------   -------
    .\
       ige3016_lib.obj               1044   196       640    
       system_msp432p401r.obj        820    0         8      
       startup_msp432p401r_ccs.obj   14     228       0      
       main.obj                      156    0         8      
    +--+-----------------------------+------+---------+---------+
       Total:                        2034   424       656    
                                                             
    C:\ti\ccs1031\ccs\tools\compiler\ti-cgt-arm_20.2.4.LTS\lib\rtsv7M4_T_le_v4SPD16_eabi.lib
       memcpy_t2.asm.obj             156    0         0      
       copy_decompress_lzss.c.obj    104    0         0      
       autoinit.c.obj                68     0         0      
       boot_cortex_m.c.obj           52     0         0      
       copy_zero_init.c.obj          28     0         0      
       copy_decompress_none.c.obj    14     0         0      
       exit.c.obj                    4      0         0      
       pre_init.c.obj                4      0         0      
    +--+-----------------------------+------+---------+---------+
       Total:                        430    0         0      
                                                             
       Stack:                        0      0         1024   
       Linker Generated:             0      47        0      
    +--+-----------------------------+------+---------+---------+
       Grand Total:                  2464   471       1680   


LINKER GENERATED COPY TABLES

__TI_cinit_table @ 00000b68 records: 2, size/record: 8, table size: 16
	.data: load addr=00000b54, load size=0000000b bytes, run addr=20000140, run size=00000008 bytes, compression=lzss
	.vtable: load addr=00000b60, load size=00000008 bytes, run addr=20000000, run size=00000140 bytes, compression=zero_init


LINKER GENERATED HANDLER TABLE

__TI_handler_table @ 00000b48 records: 3, size/record: 4, table size: 12
	index: 0, handler: __TI_zero_init
	index: 1, handler: __TI_decompress_lzss
	index: 2, handler: __TI_decompress_none


GLOBAL SYMBOLS: SORTED ALPHABETICALLY BY Name 

address   name                          
-------   ----                          
00000a7b  ADC14_IRQHandler              
00000a7b  AES256_IRQHandler             
00000a7b  BusFault_Handler              
00000a81  C$$EXIT                       
00000a7b  COMP_E0_IRQHandler            
00000a7b  COMP_E1_IRQHandler            
00000a7b  CS_IRQHandler                 
00000a7b  DMA_ERR_IRQHandler            
00000a7b  DMA_INT0_IRQHandler           
00000a7b  DMA_INT1_IRQHandler           
00000a7b  DMA_INT2_IRQHandler           
00000a7b  DMA_INT3_IRQHandler           
00000a7b  DebugMon_Handler              
00000a7b  Default_Handler               
00000a7b  EUSCIA0_IRQHandler            
00000a7b  EUSCIA1_IRQHandler            
00000a7b  EUSCIA2_IRQHandler            
00000a7b  EUSCIA3_IRQHandler            
00000a7b  EUSCIB0_IRQHandler            
00000a7b  EUSCIB1_IRQHandler            
00000a7b  EUSCIB2_IRQHandler            
00000a7b  EUSCIB3_IRQHandler            
00000a7b  FLCTL_IRQHandler              
00000a7b  FPU_IRQHandler                
00000a7b  HardFault_Handler             
00000a7b  MemManage_Handler             
00000a7b  NMI_Handler                   
00000ad4  NVIC_ISER0                    
00000ad0  NVIC_ISER1                    
00000a8c  P1_DIR                        
00000aa0  P1_IE                         
00000a9c  P1_IES                        
00000aa4  P1_IFG                        
00000a84  P1_IN                         
00000a88  P1_OUT                        
00000a98  P1_REN                        
00000a90  P1_SEL0                       
00000a94  P1_SEL1                       
00000ab0  P2_DIR                        
00000ac4  P2_IE                         
00000ac0  P2_IES                        
00000ac8  P2_IFG                        
00000aa8  P2_IN                         
00000aac  P2_OUT                        
00000abc  P2_REN                        
00000ab4  P2_SEL0                       
00000ab8  P2_SEL1                       
00000a7b  PCM_IRQHandler                
00000b40  PMAP_CTL                      
00000b3c  PMAP_KEYID                    
00000b44  PMAP_P2MAP0                   
00000a7b  PORT1_IRQHandler              
00000a7b  PORT2_IRQHandler              
00000a7b  PORT3_IRQHandler              
00000a7b  PORT4_IRQHandler              
00000a7b  PORT5_IRQHandler              
00000a7b  PORT6_IRQHandler              
00000a7b  PSS_IRQHandler                
00000a7b  PendSV_Handler                
00000a7b  RTC_C_IRQHandler              
00000a6f  Reset_Handler                 
00000acc  SCB_VTOR                      
00000a7b  SVC_Handler                   
00000a7b  SysTick_Handler               
20000144  SystemCoreClock               
000004f9  SystemCoreClockUpdate         
00000771  SystemInit                    
00000af0  T32BGLOAD1                    
00000ae0  T32CONTROL1                   
00000ae4  T32INTCLR1                    
00000ad8  T32LOAD1                      
00000aec  T32MIS1                       
00000ae8  T32RIS1                       
00000adc  T32VALUE1                     
00000a7b  T32_INT1_IRQHandler           
00000a7b  T32_INT2_IRQHandler           
00000a7b  T32_INTC_IRQHandler           
00000a7b  TA0_0_IRQHandler              
00000b18  TA0_CCR0                      
00000b1c  TA0_CCR1                      
00000b20  TA0_CCR2                      
00000b24  TA0_CCR3                      
00000b28  TA0_CCR4                      
00000b2c  TA0_CCR5                      
00000b30  TA0_CCR6                      
00000af4  TA0_CTL                       
00000af8  TA0_CTL0                      
00000afc  TA0_CTL1                      
00000b00  TA0_CTL2                      
00000b04  TA0_CTL3                      
00000b08  TA0_CTL4                      
00000b0c  TA0_CTL5                      
00000b10  TA0_CTL6                      
00000b38  TA0_EX0                       
00000b34  TA0_IV                        
00000a7b  TA0_N_IRQHandler              
00000b14  TA0_R                         
00000a7b  TA1_0_IRQHandler              
00000a7b  TA1_N_IRQHandler              
00000a7b  TA2_0_IRQHandler              
00000a7b  TA2_N_IRQHandler              
00000a7b  TA3_0_IRQHandler              
00000a7b  TA3_N_IRQHandler              
00000a7b  UsageFault_Handler            
4000480c  WDTCTL_SYM                    
00000a7b  WDT_A_IRQHandler              
20010000  __STACK_END                   
00000200  __STACK_SIZE                  
00000b68  __TI_CINIT_Base               
00000b78  __TI_CINIT_Limit              
00000b48  __TI_Handler_Table_Base       
00000b54  __TI_Handler_Table_Limit      
000009cd  __TI_auto_init_nobinit_nopinit
00000965  __TI_decompress_lzss          
00000a61  __TI_decompress_none          
ffffffff  __TI_pprof_out_hndl           
ffffffff  __TI_prof_data_size           
ffffffff  __TI_prof_data_start          
00000000  __TI_static_base__            
00000a45  __TI_zero_init_nomemset       
000008c9  __aeabi_memcpy                
000008c9  __aeabi_memcpy4               
000008c9  __aeabi_memcpy8               
ffffffff  __binit__                     
ffffffff  __c_args__                    
UNDEFED   __mpu_init                    
2000fe00  __stack                       
20000000  __start___llvm_prf_cnts       
20000000  __stop___llvm_prf_cnts        
00000a11  _c_int00_noargs               
UNDEFED   _system_post_cinit            
00000a7d  _system_pre_init              
00000a81  abort                         
ffffffff  binit                         
20000140  flag_TIMER32                  
000000e5  init_BP                       
00000187  init_LEDR                     
0000047f  init_PMAPCTL                  
0000031d  init_TIMERA0                  
000001e7  init_ledRGB                   
00000277  init_timer32                  
00000000  interruptVectors              
0000082d  isr_timer32                   
0000084f  main                          
000008c9  memcpy                        
20000000  vtab                          


GLOBAL SYMBOLS: SORTED BY Symbol Address 

address   name                          
-------   ----                          
00000000  __TI_static_base__            
00000000  interruptVectors              
000000e5  init_BP                       
00000187  init_LEDR                     
000001e7  init_ledRGB                   
00000200  __STACK_SIZE                  
00000277  init_timer32                  
0000031d  init_TIMERA0                  
0000047f  init_PMAPCTL                  
000004f9  SystemCoreClockUpdate         
00000771  SystemInit                    
0000082d  isr_timer32                   
0000084f  main                          
000008c9  __aeabi_memcpy                
000008c9  __aeabi_memcpy4               
000008c9  __aeabi_memcpy8               
000008c9  memcpy                        
00000965  __TI_decompress_lzss          
000009cd  __TI_auto_init_nobinit_nopinit
00000a11  _c_int00_noargs               
00000a45  __TI_zero_init_nomemset       
00000a61  __TI_decompress_none          
00000a6f  Reset_Handler                 
00000a7b  ADC14_IRQHandler              
00000a7b  AES256_IRQHandler             
00000a7b  BusFault_Handler              
00000a7b  COMP_E0_IRQHandler            
00000a7b  COMP_E1_IRQHandler            
00000a7b  CS_IRQHandler                 
00000a7b  DMA_ERR_IRQHandler            
00000a7b  DMA_INT0_IRQHandler           
00000a7b  DMA_INT1_IRQHandler           
00000a7b  DMA_INT2_IRQHandler           
00000a7b  DMA_INT3_IRQHandler           
00000a7b  DebugMon_Handler              
00000a7b  Default_Handler               
00000a7b  EUSCIA0_IRQHandler            
00000a7b  EUSCIA1_IRQHandler            
00000a7b  EUSCIA2_IRQHandler            
00000a7b  EUSCIA3_IRQHandler            
00000a7b  EUSCIB0_IRQHandler            
00000a7b  EUSCIB1_IRQHandler            
00000a7b  EUSCIB2_IRQHandler            
00000a7b  EUSCIB3_IRQHandler            
00000a7b  FLCTL_IRQHandler              
00000a7b  FPU_IRQHandler                
00000a7b  HardFault_Handler             
00000a7b  MemManage_Handler             
00000a7b  NMI_Handler                   
00000a7b  PCM_IRQHandler                
00000a7b  PORT1_IRQHandler              
00000a7b  PORT2_IRQHandler              
00000a7b  PORT3_IRQHandler              
00000a7b  PORT4_IRQHandler              
00000a7b  PORT5_IRQHandler              
00000a7b  PORT6_IRQHandler              
00000a7b  PSS_IRQHandler                
00000a7b  PendSV_Handler                
00000a7b  RTC_C_IRQHandler              
00000a7b  SVC_Handler                   
00000a7b  SysTick_Handler               
00000a7b  T32_INT1_IRQHandler           
00000a7b  T32_INT2_IRQHandler           
00000a7b  T32_INTC_IRQHandler           
00000a7b  TA0_0_IRQHandler              
00000a7b  TA0_N_IRQHandler              
00000a7b  TA1_0_IRQHandler              
00000a7b  TA1_N_IRQHandler              
00000a7b  TA2_0_IRQHandler              
00000a7b  TA2_N_IRQHandler              
00000a7b  TA3_0_IRQHandler              
00000a7b  TA3_N_IRQHandler              
00000a7b  UsageFault_Handler            
00000a7b  WDT_A_IRQHandler              
00000a7d  _system_pre_init              
00000a81  C$$EXIT                       
00000a81  abort                         
00000a84  P1_IN                         
00000a88  P1_OUT                        
00000a8c  P1_DIR                        
00000a90  P1_SEL0                       
00000a94  P1_SEL1                       
00000a98  P1_REN                        
00000a9c  P1_IES                        
00000aa0  P1_IE                         
00000aa4  P1_IFG                        
00000aa8  P2_IN                         
00000aac  P2_OUT                        
00000ab0  P2_DIR                        
00000ab4  P2_SEL0                       
00000ab8  P2_SEL1                       
00000abc  P2_REN                        
00000ac0  P2_IES                        
00000ac4  P2_IE                         
00000ac8  P2_IFG                        
00000acc  SCB_VTOR                      
00000ad0  NVIC_ISER1                    
00000ad4  NVIC_ISER0                    
00000ad8  T32LOAD1                      
00000adc  T32VALUE1                     
00000ae0  T32CONTROL1                   
00000ae4  T32INTCLR1                    
00000ae8  T32RIS1                       
00000aec  T32MIS1                       
00000af0  T32BGLOAD1                    
00000af4  TA0_CTL                       
00000af8  TA0_CTL0                      
00000afc  TA0_CTL1                      
00000b00  TA0_CTL2                      
00000b04  TA0_CTL3                      
00000b08  TA0_CTL4                      
00000b0c  TA0_CTL5                      
00000b10  TA0_CTL6                      
00000b14  TA0_R                         
00000b18  TA0_CCR0                      
00000b1c  TA0_CCR1                      
00000b20  TA0_CCR2                      
00000b24  TA0_CCR3                      
00000b28  TA0_CCR4                      
00000b2c  TA0_CCR5                      
00000b30  TA0_CCR6                      
00000b34  TA0_IV                        
00000b38  TA0_EX0                       
00000b3c  PMAP_KEYID                    
00000b40  PMAP_CTL                      
00000b44  PMAP_P2MAP0                   
00000b48  __TI_Handler_Table_Base       
00000b54  __TI_Handler_Table_Limit      
00000b68  __TI_CINIT_Base               
00000b78  __TI_CINIT_Limit              
20000000  __start___llvm_prf_cnts       
20000000  __stop___llvm_prf_cnts        
20000000  vtab                          
20000140  flag_TIMER32                  
20000144  SystemCoreClock               
2000fe00  __stack                       
20010000  __STACK_END                   
4000480c  WDTCTL_SYM                    
ffffffff  __TI_pprof_out_hndl           
ffffffff  __TI_prof_data_size           
ffffffff  __TI_prof_data_start          
ffffffff  __binit__                     
ffffffff  __c_args__                    
ffffffff  binit                         
UNDEFED   __mpu_init                    
UNDEFED   _system_post_cinit            

[146 symbols]
