******************************************************************************
                  TI ARM Linker PC v20.2.4                     
******************************************************************************
>> Linked Mon Mar 27 13:21:52 2023

OUTPUT FILE NAME:   <TP2_EX2.out>
ENTRY POINT SYMBOL: "_c_int00_noargs"  address: 00000679


MEMORY CONFIGURATION

         name            origin    length      used     unused   attr    fill
----------------------  --------  ---------  --------  --------  ----  --------
  MAIN                  00000000   00040000  0000074a  0003f8b6  R  X
  INFO                  00200000   00004000  00000000  00004000  R  X
  SRAM_CODE             01000000   00010000  00000345  0000fcbb  RW X
  SRAM_DATA             20000000   00010000  00000345  0000fcbb  RW  


SEGMENT ALLOCATION MAP

run origin  load origin   length   init length attrs members
----------  ----------- ---------- ----------- ----- -------
00000000    00000000    00000750   00000750    r-x
  00000000    00000000    000000e4   000000e4    r-- .intvecs
  000000e4    000000e4    00000608   00000608    r-x .text
  000006ec    000006ec    0000002e   0000002e    r-- .const
  00000720    00000720    00000030   00000030    r-- .cinit
20000000    20000000    00000145   00000000    rw-
  20000000    20000000    00000140   00000000    rw- .vtable
  20000140    20000140    00000005   00000000    rw- .data
2000fe00    2000fe00    00000200   00000000    rw-
  2000fe00    2000fe00    00000200   00000000    rw- .stack


SECTION ALLOCATION MAP

 output                                  attributes/
section   page    origin      length       input sections
--------  ----  ----------  ----------   ----------------
.intvecs   0    00000000    000000e4     
                  00000000    000000e4     startup_msp432p401r_ccs.obj (.intvecs:retain)

.text      0    000000e4    00000608     
                  000000e4    00000334     system_msp432p401r.obj (.text)
                  00000418    00000118     main.obj (.text)
                  00000530    0000009c     rtsv7M4_T_le_v4SPD16_eabi.lib : memcpy_t2.asm.obj (.text)
                  000005cc    00000068                                   : copy_decompress_lzss.c.obj (.text:decompress:lzss:__TI_decompress_lzss)
                  00000634    00000044                                   : autoinit.c.obj (.text:__TI_auto_init_nobinit_nopinit:__TI_auto_init_nobinit_nopinit)
                  00000678    00000034                                   : boot_cortex_m.c.obj (.text:_c_int00_noargs:_c_int00_noargs)
                  000006ac    0000001c                                   : copy_zero_init.c.obj (.text:decompress:ZI:__TI_zero_init_nomemset:__TI_zero_init_nomemset)
                  000006c8    0000000e                                   : copy_decompress_none.c.obj (.text:decompress:none:__TI_decompress_none)
                  000006d6    0000000e     startup_msp432p401r_ccs.obj (.text)
                  000006e4    00000004     rtsv7M4_T_le_v4SPD16_eabi.lib : pre_init.c.obj (.text:_system_pre_init)
                  000006e8    00000004                                   : exit.c.obj (.text:abort:abort)

.const     0    000006ec    0000002e     
                  000006ec    0000002e     main.obj (.const)

.cinit     0    00000720    00000030     
                  00000720    0000000c     (__TI_handler_table)
                  0000072c    00000009     (.cinit..data.load) [load image, compression = lzss]
                  00000735    00000003     --HOLE-- [fill = 0]
                  00000738    00000008     (.cinit..vtable.load) [load image, compression = zero_init]
                  00000740    00000010     (__TI_cinit_table)

.init_array 
*          0    00000000    00000000     UNINITIALIZED

.binit     0    00000000    00000000     

.vtable    0    20000000    00000140     UNINITIALIZED
                  20000000    00000140     main.obj (.vtable:retain)

.data      0    20000140    00000005     UNINITIALIZED
                  20000140    00000004     system_msp432p401r.obj (.data)
                  20000144    00000001     main.obj (.data)

.stack     0    2000fe00    00000200     UNINITIALIZED
                  2000fe00    00000004     rtsv7M4_T_le_v4SPD16_eabi.lib : boot_cortex_m.c.obj (.stack)
                  2000fe04    000001fc     --HOLE--

__llvm_prf_cnts 
*          0    20000000    00000000     UNINITIALIZED

MODULE SUMMARY

       Module                        code   ro data   rw data
       ------                        ----   -------   -------
    .\
       main.obj                      280    46        642    
       system_msp432p401r.obj        820    0         8      
       startup_msp432p401r_ccs.obj   14     228       0      
    +--+-----------------------------+------+---------+---------+
       Total:                        1114   274       650    
                                                             
    C:\ti\ccs1031\ccs\tools\compiler\ti-cgt-arm_20.2.4.LTS\lib\rtsv7M4_T_le_v4SPD16_eabi.lib
       memcpy_t2.asm.obj             156    0         0      
       copy_decompress_lzss.c.obj    104    0         0      
       autoinit.c.obj                68     0         0      
       boot_cortex_m.c.obj           52     0         0      
       copy_zero_init.c.obj          28     0         0      
       copy_decompress_none.c.obj    14     0         0      
       exit.c.obj                    4      0         0      
       pre_init.c.obj                4      0         0      
    +--+-----------------------------+------+---------+---------+
       Total:                        430    0         0      
                                                             
       Stack:                        0      0         1024   
       Linker Generated:             0      45        0      
    +--+-----------------------------+------+---------+---------+
       Grand Total:                  1544   319       1674   


LINKER GENERATED COPY TABLES

__TI_cinit_table @ 00000740 records: 2, size/record: 8, table size: 16
	.data: load addr=0000072c, load size=00000009 bytes, run addr=20000140, run size=00000005 bytes, compression=lzss
	.vtable: load addr=00000738, load size=00000008 bytes, run addr=20000000, run size=00000140 bytes, compression=zero_init


LINKER GENERATED HANDLER TABLE

__TI_handler_table @ 00000720 records: 3, size/record: 4, table size: 12
	index: 0, handler: __TI_zero_init
	index: 1, handler: __TI_decompress_lzss
	index: 2, handler: __TI_decompress_none


GLOBAL SYMBOLS: SORTED ALPHABETICALLY BY Name 

address   name                          
-------   ----                          
000006e3  ADC14_IRQHandler              
000006e3  AES256_IRQHandler             
000006e3  BusFault_Handler              
000006e9  C$$EXIT                       
000006e3  COMP_E0_IRQHandler            
000006e3  COMP_E1_IRQHandler            
000006e3  CS_IRQHandler                 
000006e3  DMA_ERR_IRQHandler            
000006e3  DMA_INT0_IRQHandler           
000006e3  DMA_INT1_IRQHandler           
000006e3  DMA_INT2_IRQHandler           
000006e3  DMA_INT3_IRQHandler           
000006e3  DebugMon_Handler              
000006e3  Default_Handler               
000006e3  EUSCIA0_IRQHandler            
000006e3  EUSCIA1_IRQHandler            
000006e3  EUSCIA2_IRQHandler            
000006e3  EUSCIA3_IRQHandler            
000006e3  EUSCIB0_IRQHandler            
000006e3  EUSCIB1_IRQHandler            
000006e3  EUSCIB2_IRQHandler            
000006e3  EUSCIB3_IRQHandler            
000006e3  FLCTL_IRQHandler              
000006e3  FPU_IRQHandler                
000006e3  HardFault_Handler             
00000718  LEDR_mask                     
000006e3  MemManage_Handler             
000006e3  NMI_Handler                   
000006f0  NVIC_ISER1                    
000006fc  P1_DIR                        
00000710  P1_IE                         
0000070c  P1_IES                        
00000714  P1_IFG                        
000006f4  P1_IN                         
000006f8  P1_OUT                        
00000708  P1_REN                        
00000700  P1_SEL0                       
00000704  P1_SEL1                       
20000144  PB1_a                         
00000719  PB1_mask                      
000006e3  PCM_IRQHandler                
000006e3  PORT1_IRQHandler              
000006e3  PORT2_IRQHandler              
000006e3  PORT3_IRQHandler              
000006e3  PORT4_IRQHandler              
000006e3  PORT5_IRQHandler              
000006e3  PORT6_IRQHandler              
000006e3  PSS_IRQHandler                
000006e3  PendSV_Handler                
000006e3  RTC_C_IRQHandler              
000006d7  Reset_Handler                 
000006ec  SCB_VTOR                      
000006e3  SVC_Handler                   
000006e3  SysTick_Handler               
20000140  SystemCoreClock               
000000e5  SystemCoreClockUpdate         
0000035d  SystemInit                    
000006e3  T32_INT1_IRQHandler           
000006e3  T32_INT2_IRQHandler           
000006e3  T32_INTC_IRQHandler           
000006e3  TA0_0_IRQHandler              
000006e3  TA0_N_IRQHandler              
000006e3  TA1_0_IRQHandler              
000006e3  TA1_N_IRQHandler              
000006e3  TA2_0_IRQHandler              
000006e3  TA2_N_IRQHandler              
000006e3  TA3_0_IRQHandler              
000006e3  TA3_N_IRQHandler              
000006e3  UsageFault_Handler            
4000480c  WDTCTL_SYM                    
000006e3  WDT_A_IRQHandler              
20010000  __STACK_END                   
00000200  __STACK_SIZE                  
00000740  __TI_CINIT_Base               
00000750  __TI_CINIT_Limit              
00000720  __TI_Handler_Table_Base       
0000072c  __TI_Handler_Table_Limit      
00000635  __TI_auto_init_nobinit_nopinit
000005cd  __TI_decompress_lzss          
000006c9  __TI_decompress_none          
ffffffff  __TI_pprof_out_hndl           
ffffffff  __TI_prof_data_size           
ffffffff  __TI_prof_data_start          
00000000  __TI_static_base__            
000006ad  __TI_zero_init_nomemset       
00000531  __aeabi_memcpy                
00000531  __aeabi_memcpy4               
00000531  __aeabi_memcpy8               
ffffffff  __binit__                     
ffffffff  __c_args__                    
UNDEFED   __mpu_init                    
2000fe00  __stack                       
20000000  __start___llvm_prf_cnts       
20000000  __stop___llvm_prf_cnts        
00000679  _c_int00_noargs               
UNDEFED   _system_post_cinit            
000006e5  _system_pre_init              
000006e9  abort                         
ffffffff  binit                         
00000000  interruptVectors              
00000419  isr_button                    
00000437  main                          
00000531  memcpy                        
20000000  vtab                          


GLOBAL SYMBOLS: SORTED BY Symbol Address 

address   name                          
-------   ----                          
00000000  __TI_static_base__            
00000000  interruptVectors              
000000e5  SystemCoreClockUpdate         
00000200  __STACK_SIZE                  
0000035d  SystemInit                    
00000419  isr_button                    
00000437  main                          
00000531  __aeabi_memcpy                
00000531  __aeabi_memcpy4               
00000531  __aeabi_memcpy8               
00000531  memcpy                        
000005cd  __TI_decompress_lzss          
00000635  __TI_auto_init_nobinit_nopinit
00000679  _c_int00_noargs               
000006ad  __TI_zero_init_nomemset       
000006c9  __TI_decompress_none          
000006d7  Reset_Handler                 
000006e3  ADC14_IRQHandler              
000006e3  AES256_IRQHandler             
000006e3  BusFault_Handler              
000006e3  COMP_E0_IRQHandler            
000006e3  COMP_E1_IRQHandler            
000006e3  CS_IRQHandler                 
000006e3  DMA_ERR_IRQHandler            
000006e3  DMA_INT0_IRQHandler           
000006e3  DMA_INT1_IRQHandler           
000006e3  DMA_INT2_IRQHandler           
000006e3  DMA_INT3_IRQHandler           
000006e3  DebugMon_Handler              
000006e3  Default_Handler               
000006e3  EUSCIA0_IRQHandler            
000006e3  EUSCIA1_IRQHandler            
000006e3  EUSCIA2_IRQHandler            
000006e3  EUSCIA3_IRQHandler            
000006e3  EUSCIB0_IRQHandler            
000006e3  EUSCIB1_IRQHandler            
000006e3  EUSCIB2_IRQHandler            
000006e3  EUSCIB3_IRQHandler            
000006e3  FLCTL_IRQHandler              
000006e3  FPU_IRQHandler                
000006e3  HardFault_Handler             
000006e3  MemManage_Handler             
000006e3  NMI_Handler                   
000006e3  PCM_IRQHandler                
000006e3  PORT1_IRQHandler              
000006e3  PORT2_IRQHandler              
000006e3  PORT3_IRQHandler              
000006e3  PORT4_IRQHandler              
000006e3  PORT5_IRQHandler              
000006e3  PORT6_IRQHandler              
000006e3  PSS_IRQHandler                
000006e3  PendSV_Handler                
000006e3  RTC_C_IRQHandler              
000006e3  SVC_Handler                   
000006e3  SysTick_Handler               
000006e3  T32_INT1_IRQHandler           
000006e3  T32_INT2_IRQHandler           
000006e3  T32_INTC_IRQHandler           
000006e3  TA0_0_IRQHandler              
000006e3  TA0_N_IRQHandler              
000006e3  TA1_0_IRQHandler              
000006e3  TA1_N_IRQHandler              
000006e3  TA2_0_IRQHandler              
000006e3  TA2_N_IRQHandler              
000006e3  TA3_0_IRQHandler              
000006e3  TA3_N_IRQHandler              
000006e3  UsageFault_Handler            
000006e3  WDT_A_IRQHandler              
000006e5  _system_pre_init              
000006e9  C$$EXIT                       
000006e9  abort                         
000006ec  SCB_VTOR                      
000006f0  NVIC_ISER1                    
000006f4  P1_IN                         
000006f8  P1_OUT                        
000006fc  P1_DIR                        
00000700  P1_SEL0                       
00000704  P1_SEL1                       
00000708  P1_REN                        
0000070c  P1_IES                        
00000710  P1_IE                         
00000714  P1_IFG                        
00000718  LEDR_mask                     
00000719  PB1_mask                      
00000720  __TI_Handler_Table_Base       
0000072c  __TI_Handler_Table_Limit      
00000740  __TI_CINIT_Base               
00000750  __TI_CINIT_Limit              
20000000  __start___llvm_prf_cnts       
20000000  __stop___llvm_prf_cnts        
20000000  vtab                          
20000140  SystemCoreClock               
20000144  PB1_a                         
2000fe00  __stack                       
20010000  __STACK_END                   
4000480c  WDTCTL_SYM                    
ffffffff  __TI_pprof_out_hndl           
ffffffff  __TI_prof_data_size           
ffffffff  __TI_prof_data_start          
ffffffff  __binit__                     
ffffffff  __c_args__                    
ffffffff  binit                         
UNDEFED   __mpu_init                    
UNDEFED   _system_post_cinit            

[104 symbols]
