******************************************************************************
                  TI ARM Linker PC v20.2.7                     
******************************************************************************
>> Linked Sat Mar 25 14:19:36 2023

OUTPUT FILE NAME:   <TIMER32_LED_MSP432.out>
ENTRY POINT SYMBOL: "_c_int00_noargs"  address: 000007dd


MEMORY CONFIGURATION

         name            origin    length      used     unused   attr    fill
----------------------  --------  ---------  --------  --------  ----  --------
  MAIN                  00000000   00040000  000008f0  0003f710  R  X
  INFO                  00200000   00004000  00000000  00004000  R  X
  SRAM_CODE             01000000   00010000  00000345  0000fcbb  RW X
  SRAM_DATA             20000000   00010000  00000345  0000fcbb  RW  


SEGMENT ALLOCATION MAP

run origin  load origin   length   init length attrs members
----------  ----------- ---------- ----------- ----- -------
00000000    00000000    000008f0   000008f0    r-x
  00000000    00000000    000000e4   000000e4    r-- .intvecs
  000000e4    000000e4    0000076c   0000076c    r-x .text
  00000850    00000850    00000070   00000070    r-- .const
  000008c0    000008c0    00000030   00000030    r-- .cinit
20000000    20000000    00000145   00000000    rw-
  20000000    20000000    00000140   00000000    rw- .vtable
  20000140    20000140    00000005   00000000    rw- .data
2000fe00    2000fe00    00000200   00000000    rw-
  2000fe00    2000fe00    00000200   00000000    rw- .stack


SECTION ALLOCATION MAP

 output                                  attributes/
section   page    origin      length       input sections
--------  ----  ----------  ----------   ----------------
.intvecs   0    00000000    000000e4     
                  00000000    000000e4     startup_msp432p401r_ccs.obj (.intvecs:retain)

.text      0    000000e4    0000076c     
                  000000e4    00000334     system_msp432p401r.obj (.text)
                  00000418    000001e0     ige3016_lib.obj (.text)
                  000005f8    0000009c     main.obj (.text)
                  00000694    0000009c     rtsv7M4_T_le_v4SPD16_eabi.lib : memcpy_t2.asm.obj (.text)
                  00000730    00000068                                   : copy_decompress_lzss.c.obj (.text:decompress:lzss:__TI_decompress_lzss)
                  00000798    00000044                                   : autoinit.c.obj (.text:__TI_auto_init_nobinit_nopinit:__TI_auto_init_nobinit_nopinit)
                  000007dc    00000034                                   : boot_cortex_m.c.obj (.text:_c_int00_noargs:_c_int00_noargs)
                  00000810    0000001c                                   : copy_zero_init.c.obj (.text:decompress:ZI:__TI_zero_init_nomemset:__TI_zero_init_nomemset)
                  0000082c    0000000e                                   : copy_decompress_none.c.obj (.text:decompress:none:__TI_decompress_none)
                  0000083a    0000000e     startup_msp432p401r_ccs.obj (.text)
                  00000848    00000004     rtsv7M4_T_le_v4SPD16_eabi.lib : pre_init.c.obj (.text:_system_pre_init)
                  0000084c    00000004                                   : exit.c.obj (.text:abort:abort)

.const     0    00000850    00000070     
                  00000850    00000070     ige3016_lib.obj (.const)

.cinit     0    000008c0    00000030     
                  000008c0    0000000c     (__TI_handler_table)
                  000008cc    00000009     (.cinit..data.load) [load image, compression = lzss]
                  000008d5    00000003     --HOLE-- [fill = 0]
                  000008d8    00000008     (.cinit..vtable.load) [load image, compression = zero_init]
                  000008e0    00000010     (__TI_cinit_table)

.init_array 
*          0    00000000    00000000     UNINITIALIZED

.binit     0    00000000    00000000     

.vtable    0    20000000    00000140     UNINITIALIZED
                  20000000    00000140     ige3016_lib.obj (.vtable:retain)

.data      0    20000140    00000005     UNINITIALIZED
                  20000140    00000004     system_msp432p401r.obj (.data)
                  20000144    00000001     main.obj (.data)

.stack     0    2000fe00    00000200     UNINITIALIZED
                  2000fe00    00000004     rtsv7M4_T_le_v4SPD16_eabi.lib : boot_cortex_m.c.obj (.stack)
                  2000fe04    000001fc     --HOLE--

__llvm_prf_cnts 
*          0    20000000    00000000     UNINITIALIZED

MODULE SUMMARY

       Module                        code   ro data   rw data
       ------                        ----   -------   -------
    .\
       ige3016_lib.obj               480    112       640    
       system_msp432p401r.obj        820    0         8      
       startup_msp432p401r_ccs.obj   14     228       0      
       main.obj                      156    0         2      
    +--+-----------------------------+------+---------+---------+
       Total:                        1470   340       650    
                                                             
    C:\ti\ccs1220\ccs\tools\compiler\ti-cgt-arm_20.2.7.LTS\lib\rtsv7M4_T_le_v4SPD16_eabi.lib
       memcpy_t2.asm.obj             156    0         0      
       copy_decompress_lzss.c.obj    104    0         0      
       autoinit.c.obj                68     0         0      
       boot_cortex_m.c.obj           52     0         0      
       copy_zero_init.c.obj          28     0         0      
       copy_decompress_none.c.obj    14     0         0      
       exit.c.obj                    4      0         0      
       pre_init.c.obj                4      0         0      
    +--+-----------------------------+------+---------+---------+
       Total:                        430    0         0      
                                                             
       Stack:                        0      0         1024   
       Linker Generated:             0      45        0      
    +--+-----------------------------+------+---------+---------+
       Grand Total:                  1900   385       1674   


LINKER GENERATED COPY TABLES

__TI_cinit_table @ 000008e0 records: 2, size/record: 8, table size: 16
	.data: load addr=000008cc, load size=00000009 bytes, run addr=20000140, run size=00000005 bytes, compression=lzss
	.vtable: load addr=000008d8, load size=00000008 bytes, run addr=20000000, run size=00000140 bytes, compression=zero_init


LINKER GENERATED HANDLER TABLE

__TI_handler_table @ 000008c0 records: 3, size/record: 4, table size: 12
	index: 0, handler: __TI_zero_init
	index: 1, handler: __TI_decompress_lzss
	index: 2, handler: __TI_decompress_none


GLOBAL SYMBOLS: SORTED ALPHABETICALLY BY Name 

address   name                          
-------   ----                          
00000847  ADC14_IRQHandler              
00000847  AES256_IRQHandler             
00000847  BusFault_Handler              
0000084d  C$$EXIT                       
00000847  COMP_E0_IRQHandler            
00000847  COMP_E1_IRQHandler            
00000847  CS_IRQHandler                 
00000847  DMA_ERR_IRQHandler            
00000847  DMA_INT0_IRQHandler           
00000847  DMA_INT1_IRQHandler           
00000847  DMA_INT2_IRQHandler           
00000847  DMA_INT3_IRQHandler           
00000847  DebugMon_Handler              
00000847  Default_Handler               
00000847  EUSCIA0_IRQHandler            
00000847  EUSCIA1_IRQHandler            
00000847  EUSCIA2_IRQHandler            
00000847  EUSCIA3_IRQHandler            
00000847  EUSCIB0_IRQHandler            
00000847  EUSCIB1_IRQHandler            
00000847  EUSCIB2_IRQHandler            
00000847  EUSCIB3_IRQHandler            
00000847  FLCTL_IRQHandler              
00000847  FPU_IRQHandler                
00000847  HardFault_Handler             
00000847  MemManage_Handler             
00000847  NMI_Handler                   
0000087c  NVIC_ISER0                    
00000878  NVIC_ISER1                    
00000858  P1_DIR                        
0000086c  P1_IE                         
00000868  P1_IES                        
00000870  P1_IFG                        
00000850  P1_IN                         
00000854  P1_OUT                        
00000864  P1_REN                        
0000085c  P1_SEL0                       
00000860  P1_SEL1                       
000008a4  P2_DIR                        
000008b8  P2_IE                         
000008b4  P2_IES                        
000008bc  P2_IFG                        
0000089c  P2_IN                         
000008a0  P2_OUT                        
000008b0  P2_REN                        
000008a8  P2_SEL0                       
000008ac  P2_SEL1                       
00000847  PCM_IRQHandler                
00000847  PORT1_IRQHandler              
00000847  PORT2_IRQHandler              
00000847  PORT3_IRQHandler              
00000847  PORT4_IRQHandler              
00000847  PORT5_IRQHandler              
00000847  PORT6_IRQHandler              
00000847  PSS_IRQHandler                
00000847  PendSV_Handler                
00000847  RTC_C_IRQHandler              
0000083b  Reset_Handler                 
00000874  SCB_VTOR                      
00000847  SVC_Handler                   
00000847  SysTick_Handler               
20000140  SystemCoreClock               
000000e5  SystemCoreClockUpdate         
0000035d  SystemInit                    
00000898  T32BGLOAD1                    
00000888  T32CONTROL1                   
0000088c  T32INTCLR1                    
00000880  T32LOAD1                      
00000894  T32MIS1                       
00000890  T32RIS1                       
00000884  T32VALUE1                     
00000847  T32_INT1_IRQHandler           
00000847  T32_INT2_IRQHandler           
00000847  T32_INTC_IRQHandler           
00000847  TA0_0_IRQHandler              
00000847  TA0_N_IRQHandler              
00000847  TA1_0_IRQHandler              
00000847  TA1_N_IRQHandler              
00000847  TA2_0_IRQHandler              
00000847  TA2_N_IRQHandler              
00000847  TA3_0_IRQHandler              
00000847  TA3_N_IRQHandler              
00000847  UsageFault_Handler            
4000480c  WDTCTL_SYM                    
00000847  WDT_A_IRQHandler              
20010000  __STACK_END                   
00000200  __STACK_SIZE                  
000008e0  __TI_CINIT_Base               
000008f0  __TI_CINIT_Limit              
000008c0  __TI_Handler_Table_Base       
000008cc  __TI_Handler_Table_Limit      
00000799  __TI_auto_init_nobinit_nopinit
00000731  __TI_decompress_lzss          
0000082d  __TI_decompress_none          
ffffffff  __TI_pprof_out_hndl           
ffffffff  __TI_prof_data_size           
ffffffff  __TI_prof_data_start          
00000000  __TI_static_base__            
00000811  __TI_zero_init_nomemset       
00000695  __aeabi_memcpy                
00000695  __aeabi_memcpy4               
00000695  __aeabi_memcpy8               
ffffffff  __binit__                     
ffffffff  __c_args__                    
UNDEFED   __mpu_init                    
2000fe00  __stack                       
20000000  __start___llvm_prf_cnts       
20000000  __stop___llvm_prf_cnts        
000007dd  _c_int00_noargs               
UNDEFED   _system_post_cinit            
00000849  _system_pre_init              
0000084d  abort                         
ffffffff  binit                         
20000144  flag_TIMER32                  
00000419  init_PB                       
000004cd  init_ledP2                    
0000046b  init_ledr                     
0000052f  init_timer32                  
00000000  interruptVectors              
000005f9  isr_timer1                    
0000061b  main                          
00000695  memcpy                        
20000000  vtab                          


GLOBAL SYMBOLS: SORTED BY Symbol Address 

address   name                          
-------   ----                          
00000000  __TI_static_base__            
00000000  interruptVectors              
000000e5  SystemCoreClockUpdate         
00000200  __STACK_SIZE                  
0000035d  SystemInit                    
00000419  init_PB                       
0000046b  init_ledr                     
000004cd  init_ledP2                    
0000052f  init_timer32                  
000005f9  isr_timer1                    
0000061b  main                          
00000695  __aeabi_memcpy                
00000695  __aeabi_memcpy4               
00000695  __aeabi_memcpy8               
00000695  memcpy                        
00000731  __TI_decompress_lzss          
00000799  __TI_auto_init_nobinit_nopinit
000007dd  _c_int00_noargs               
00000811  __TI_zero_init_nomemset       
0000082d  __TI_decompress_none          
0000083b  Reset_Handler                 
00000847  ADC14_IRQHandler              
00000847  AES256_IRQHandler             
00000847  BusFault_Handler              
00000847  COMP_E0_IRQHandler            
00000847  COMP_E1_IRQHandler            
00000847  CS_IRQHandler                 
00000847  DMA_ERR_IRQHandler            
00000847  DMA_INT0_IRQHandler           
00000847  DMA_INT1_IRQHandler           
00000847  DMA_INT2_IRQHandler           
00000847  DMA_INT3_IRQHandler           
00000847  DebugMon_Handler              
00000847  Default_Handler               
00000847  EUSCIA0_IRQHandler            
00000847  EUSCIA1_IRQHandler            
00000847  EUSCIA2_IRQHandler            
00000847  EUSCIA3_IRQHandler            
00000847  EUSCIB0_IRQHandler            
00000847  EUSCIB1_IRQHandler            
00000847  EUSCIB2_IRQHandler            
00000847  EUSCIB3_IRQHandler            
00000847  FLCTL_IRQHandler              
00000847  FPU_IRQHandler                
00000847  HardFault_Handler             
00000847  MemManage_Handler             
00000847  NMI_Handler                   
00000847  PCM_IRQHandler                
00000847  PORT1_IRQHandler              
00000847  PORT2_IRQHandler              
00000847  PORT3_IRQHandler              
00000847  PORT4_IRQHandler              
00000847  PORT5_IRQHandler              
00000847  PORT6_IRQHandler              
00000847  PSS_IRQHandler                
00000847  PendSV_Handler                
00000847  RTC_C_IRQHandler              
00000847  SVC_Handler                   
00000847  SysTick_Handler               
00000847  T32_INT1_IRQHandler           
00000847  T32_INT2_IRQHandler           
00000847  T32_INTC_IRQHandler           
00000847  TA0_0_IRQHandler              
00000847  TA0_N_IRQHandler              
00000847  TA1_0_IRQHandler              
00000847  TA1_N_IRQHandler              
00000847  TA2_0_IRQHandler              
00000847  TA2_N_IRQHandler              
00000847  TA3_0_IRQHandler              
00000847  TA3_N_IRQHandler              
00000847  UsageFault_Handler            
00000847  WDT_A_IRQHandler              
00000849  _system_pre_init              
0000084d  C$$EXIT                       
0000084d  abort                         
00000850  P1_IN                         
00000854  P1_OUT                        
00000858  P1_DIR                        
0000085c  P1_SEL0                       
00000860  P1_SEL1                       
00000864  P1_REN                        
00000868  P1_IES                        
0000086c  P1_IE                         
00000870  P1_IFG                        
00000874  SCB_VTOR                      
00000878  NVIC_ISER1                    
0000087c  NVIC_ISER0                    
00000880  T32LOAD1                      
00000884  T32VALUE1                     
00000888  T32CONTROL1                   
0000088c  T32INTCLR1                    
00000890  T32RIS1                       
00000894  T32MIS1                       
00000898  T32BGLOAD1                    
0000089c  P2_IN                         
000008a0  P2_OUT                        
000008a4  P2_DIR                        
000008a8  P2_SEL0                       
000008ac  P2_SEL1                       
000008b0  P2_REN                        
000008b4  P2_IES                        
000008b8  P2_IE                         
000008bc  P2_IFG                        
000008c0  __TI_Handler_Table_Base       
000008cc  __TI_Handler_Table_Limit      
000008e0  __TI_CINIT_Base               
000008f0  __TI_CINIT_Limit              
20000000  __start___llvm_prf_cnts       
20000000  __stop___llvm_prf_cnts        
20000000  vtab                          
20000140  SystemCoreClock               
20000144  flag_TIMER32                  
2000fe00  __stack                       
20010000  __STACK_END                   
4000480c  WDTCTL_SYM                    
ffffffff  __TI_pprof_out_hndl           
ffffffff  __TI_prof_data_size           
ffffffff  __TI_prof_data_start          
ffffffff  __binit__                     
ffffffff  __c_args__                    
ffffffff  binit                         
UNDEFED   __mpu_init                    
UNDEFED   _system_post_cinit            

[123 symbols]
