******************************************************************************
                  TI ARM Linker PC v20.2.7                     
******************************************************************************
>> Linked Mon Mar 27 19:21:29 2023

OUTPUT FILE NAME:   <TP4_1_MSP432.out>
ENTRY POINT SYMBOL: "_c_int00_noargs"  address: 00000a45


MEMORY CONFIGURATION

         name            origin    length      used     unused   attr    fill
----------------------  --------  ---------  --------  --------  ----  --------
  MAIN                  00000000   00040000  00000bac  0003f454  R  X
  INFO                  00200000   00004000  00000000  00004000  R  X
  SRAM_CODE             01000000   00010000  00000346  0000fcba  RW X
  SRAM_DATA             20000000   00010000  00000346  0000fcba  RW  


SEGMENT ALLOCATION MAP

run origin  load origin   length   init length attrs members
----------  ----------- ---------- ----------- ----- -------
00000000    00000000    00000bb0   00000bb0    r-x
  00000000    00000000    000000e4   000000e4    r-- .intvecs
  000000e4    000000e4    000009d4   000009d4    r-x .text
  00000ab8    00000ab8    000000c4   000000c4    r-- .const
  00000b80    00000b80    00000030   00000030    r-- .cinit
20000000    20000000    00000146   00000000    rw-
  20000000    20000000    00000140   00000000    rw- .vtable
  20000140    20000140    00000006   00000000    rw- .data
2000fe00    2000fe00    00000200   00000000    rw-
  2000fe00    2000fe00    00000200   00000000    rw- .stack


SECTION ALLOCATION MAP

 output                                  attributes/
section   page    origin      length       input sections
--------  ----  ----------  ----------   ----------------
.intvecs   0    00000000    000000e4     
                  00000000    000000e4     startup_msp432p401r_ccs.obj (.intvecs:retain)

.text      0    000000e4    000009d4     
                  000000e4    000003ac     ige3016_lib.obj (.text)
                  00000490    00000334     system_msp432p401r.obj (.text)
                  000007c4    00000138     main.obj (.text)
                  000008fc    0000009c     rtsv7M4_T_le_v4SPD16_eabi.lib : memcpy_t2.asm.obj (.text)
                  00000998    00000068                                   : copy_decompress_lzss.c.obj (.text:decompress:lzss:__TI_decompress_lzss)
                  00000a00    00000044                                   : autoinit.c.obj (.text:__TI_auto_init_nobinit_nopinit:__TI_auto_init_nobinit_nopinit)
                  00000a44    00000034                                   : boot_cortex_m.c.obj (.text:_c_int00_noargs:_c_int00_noargs)
                  00000a78    0000001c                                   : copy_zero_init.c.obj (.text:decompress:ZI:__TI_zero_init_nomemset:__TI_zero_init_nomemset)
                  00000a94    0000000e                                   : copy_decompress_none.c.obj (.text:decompress:none:__TI_decompress_none)
                  00000aa2    0000000e     startup_msp432p401r_ccs.obj (.text)
                  00000ab0    00000004     rtsv7M4_T_le_v4SPD16_eabi.lib : pre_init.c.obj (.text:_system_pre_init)
                  00000ab4    00000004                                   : exit.c.obj (.text:abort:abort)

.const     0    00000ab8    000000c4     
                  00000ab8    000000c4     ige3016_lib.obj (.const)

.cinit     0    00000b80    00000030     
                  00000b80    0000000c     (__TI_handler_table)
                  00000b8c    0000000a     (.cinit..data.load) [load image, compression = lzss]
                  00000b96    00000002     --HOLE-- [fill = 0]
                  00000b98    00000008     (.cinit..vtable.load) [load image, compression = zero_init]
                  00000ba0    00000010     (__TI_cinit_table)

.init_array 
*          0    00000000    00000000     UNINITIALIZED

.binit     0    00000000    00000000     

.vtable    0    20000000    00000140     UNINITIALIZED
                  20000000    00000140     ige3016_lib.obj (.vtable:retain)

.data      0    20000140    00000006     UNINITIALIZED
                  20000140    00000004     system_msp432p401r.obj (.data)
                  20000144    00000002     main.obj (.data)

.stack     0    2000fe00    00000200     UNINITIALIZED
                  2000fe00    00000004     rtsv7M4_T_le_v4SPD16_eabi.lib : boot_cortex_m.c.obj (.stack)
                  2000fe04    000001fc     --HOLE--

__llvm_prf_cnts 
*          0    20000000    00000000     UNINITIALIZED

MODULE SUMMARY

       Module                        code   ro data   rw data
       ------                        ----   -------   -------
    .\
       ige3016_lib.obj               940    196       640    
       system_msp432p401r.obj        820    0         8      
       main.obj                      312    0         4      
       startup_msp432p401r_ccs.obj   14     228       0      
    +--+-----------------------------+------+---------+---------+
       Total:                        2086   424       652    
                                                             
    C:\ti\ccs1220\ccs\tools\compiler\ti-cgt-arm_20.2.7.LTS\lib\rtsv7M4_T_le_v4SPD16_eabi.lib
       memcpy_t2.asm.obj             156    0         0      
       copy_decompress_lzss.c.obj    104    0         0      
       autoinit.c.obj                68     0         0      
       boot_cortex_m.c.obj           52     0         0      
       copy_zero_init.c.obj          28     0         0      
       copy_decompress_none.c.obj    14     0         0      
       exit.c.obj                    4      0         0      
       pre_init.c.obj                4      0         0      
    +--+-----------------------------+------+---------+---------+
       Total:                        430    0         0      
                                                             
       Stack:                        0      0         1024   
       Linker Generated:             0      46        0      
    +--+-----------------------------+------+---------+---------+
       Grand Total:                  2516   470       1676   


LINKER GENERATED COPY TABLES

__TI_cinit_table @ 00000ba0 records: 2, size/record: 8, table size: 16
	.data: load addr=00000b8c, load size=0000000a bytes, run addr=20000140, run size=00000006 bytes, compression=lzss
	.vtable: load addr=00000b98, load size=00000008 bytes, run addr=20000000, run size=00000140 bytes, compression=zero_init


LINKER GENERATED HANDLER TABLE

__TI_handler_table @ 00000b80 records: 3, size/record: 4, table size: 12
	index: 0, handler: __TI_zero_init
	index: 1, handler: __TI_decompress_lzss
	index: 2, handler: __TI_decompress_none


GLOBAL SYMBOLS: SORTED ALPHABETICALLY BY Name 

address   name                          
-------   ----                          
00000aaf  ADC14_IRQHandler              
00000aaf  AES256_IRQHandler             
00000aaf  BusFault_Handler              
00000ab5  C$$EXIT                       
00000aaf  COMP_E0_IRQHandler            
00000aaf  COMP_E1_IRQHandler            
00000aaf  CS_IRQHandler                 
00000aaf  DMA_ERR_IRQHandler            
00000aaf  DMA_INT0_IRQHandler           
00000aaf  DMA_INT1_IRQHandler           
00000aaf  DMA_INT2_IRQHandler           
00000aaf  DMA_INT3_IRQHandler           
00000aaf  DebugMon_Handler              
00000aaf  Default_Handler               
00000aaf  EUSCIA0_IRQHandler            
00000aaf  EUSCIA1_IRQHandler            
00000aaf  EUSCIA2_IRQHandler            
00000aaf  EUSCIA3_IRQHandler            
00000aaf  EUSCIB0_IRQHandler            
00000aaf  EUSCIB1_IRQHandler            
00000aaf  EUSCIB2_IRQHandler            
00000aaf  EUSCIB3_IRQHandler            
00000aaf  FLCTL_IRQHandler              
00000aaf  FPU_IRQHandler                
00000aaf  HardFault_Handler             
00000aaf  MemManage_Handler             
00000aaf  NMI_Handler                   
00000b08  NVIC_ISER0                    
00000b04  NVIC_ISER1                    
00000ac0  P1_DIR                        
00000ad4  P1_IE                         
00000ad0  P1_IES                        
00000ad8  P1_IFG                        
00000ab8  P1_IN                         
00000abc  P1_OUT                        
00000acc  P1_REN                        
00000ac4  P1_SEL0                       
00000ac8  P1_SEL1                       
00000ae4  P2_DIR                        
00000af8  P2_IE                         
00000af4  P2_IES                        
00000afc  P2_IFG                        
00000adc  P2_IN                         
00000ae0  P2_OUT                        
00000af0  P2_REN                        
00000ae8  P2_SEL0                       
00000aec  P2_SEL1                       
20000144  PB1_a                         
20000145  PB2_a                         
00000aaf  PCM_IRQHandler                
00000b74  PMAP_CTL                      
00000b70  PMAP_KEYID                    
00000b78  PMAP_P2MAP0                   
00000aaf  PORT1_IRQHandler              
00000aaf  PORT2_IRQHandler              
00000aaf  PORT3_IRQHandler              
00000aaf  PORT4_IRQHandler              
00000aaf  PORT5_IRQHandler              
00000aaf  PORT6_IRQHandler              
00000aaf  PSS_IRQHandler                
00000aaf  PendSV_Handler                
00000aaf  RTC_C_IRQHandler              
00000aa3  Reset_Handler                 
00000b00  SCB_VTOR                      
00000aaf  SVC_Handler                   
00000aaf  SysTick_Handler               
20000140  SystemCoreClock               
00000491  SystemCoreClockUpdate         
00000709  SystemInit                    
00000b24  T32BGLOAD1                    
00000b14  T32CONTROL1                   
00000b18  T32INTCLR1                    
00000b0c  T32LOAD1                      
00000b20  T32MIS1                       
00000b1c  T32RIS1                       
00000b10  T32VALUE1                     
00000aaf  T32_INT1_IRQHandler           
00000aaf  T32_INT2_IRQHandler           
00000aaf  T32_INTC_IRQHandler           
00000aaf  TA0_0_IRQHandler              
00000b4c  TA0_CCR0                      
00000b50  TA0_CCR1                      
00000b54  TA0_CCR2                      
00000b58  TA0_CCR3                      
00000b5c  TA0_CCR4                      
00000b60  TA0_CCR5                      
00000b64  TA0_CCR6                      
00000b28  TA0_CTL                       
00000b2c  TA0_CTL0                      
00000b30  TA0_CTL1                      
00000b34  TA0_CTL2                      
00000b38  TA0_CTL3                      
00000b3c  TA0_CTL4                      
00000b40  TA0_CTL5                      
00000b44  TA0_CTL6                      
00000b6c  TA0_EX0                       
00000b68  TA0_IV                        
00000aaf  TA0_N_IRQHandler              
00000b48  TA0_R                         
00000aaf  TA1_0_IRQHandler              
00000aaf  TA1_N_IRQHandler              
00000aaf  TA2_0_IRQHandler              
00000aaf  TA2_N_IRQHandler              
00000aaf  TA3_0_IRQHandler              
00000aaf  TA3_N_IRQHandler              
00000aaf  UsageFault_Handler            
4000480c  WDTCTL_SYM                    
00000aaf  WDT_A_IRQHandler              
20010000  __STACK_END                   
00000200  __STACK_SIZE                  
00000ba0  __TI_CINIT_Base               
00000bb0  __TI_CINIT_Limit              
00000b80  __TI_Handler_Table_Base       
00000b8c  __TI_Handler_Table_Limit      
00000a01  __TI_auto_init_nobinit_nopinit
00000999  __TI_decompress_lzss          
00000a95  __TI_decompress_none          
ffffffff  __TI_pprof_out_hndl           
ffffffff  __TI_prof_data_size           
ffffffff  __TI_prof_data_start          
00000000  __TI_static_base__            
00000a79  __TI_zero_init_nomemset       
000008fd  __aeabi_memcpy                
000008fd  __aeabi_memcpy4               
000008fd  __aeabi_memcpy8               
ffffffff  __binit__                     
ffffffff  __c_args__                    
UNDEFED   __mpu_init                    
2000fe00  __stack                       
20000000  __start___llvm_prf_cnts       
20000000  __stop___llvm_prf_cnts        
00000a45  _c_int00_noargs               
UNDEFED   _system_post_cinit            
00000ab1  _system_pre_init              
00000ab5  abort                         
ffffffff  binit                         
000000e5  init_BP                       
00000187  init_LEDR                     
00000429  init_PMAPCTL                  
00000315  init_TIMERA0                  
000001e7  init_ledRGB                   
00000277  init_timer32                  
00000000  interruptVectors              
000007c5  isr_button1                   
0000080d  main                          
000008fd  memcpy                        
20000000  vtab                          


GLOBAL SYMBOLS: SORTED BY Symbol Address 

address   name                          
-------   ----                          
00000000  __TI_static_base__            
00000000  interruptVectors              
000000e5  init_BP                       
00000187  init_LEDR                     
000001e7  init_ledRGB                   
00000200  __STACK_SIZE                  
00000277  init_timer32                  
00000315  init_TIMERA0                  
00000429  init_PMAPCTL                  
00000491  SystemCoreClockUpdate         
00000709  SystemInit                    
000007c5  isr_button1                   
0000080d  main                          
000008fd  __aeabi_memcpy                
000008fd  __aeabi_memcpy4               
000008fd  __aeabi_memcpy8               
000008fd  memcpy                        
00000999  __TI_decompress_lzss          
00000a01  __TI_auto_init_nobinit_nopinit
00000a45  _c_int00_noargs               
00000a79  __TI_zero_init_nomemset       
00000a95  __TI_decompress_none          
00000aa3  Reset_Handler                 
00000aaf  ADC14_IRQHandler              
00000aaf  AES256_IRQHandler             
00000aaf  BusFault_Handler              
00000aaf  COMP_E0_IRQHandler            
00000aaf  COMP_E1_IRQHandler            
00000aaf  CS_IRQHandler                 
00000aaf  DMA_ERR_IRQHandler            
00000aaf  DMA_INT0_IRQHandler           
00000aaf  DMA_INT1_IRQHandler           
00000aaf  DMA_INT2_IRQHandler           
00000aaf  DMA_INT3_IRQHandler           
00000aaf  DebugMon_Handler              
00000aaf  Default_Handler               
00000aaf  EUSCIA0_IRQHandler            
00000aaf  EUSCIA1_IRQHandler            
00000aaf  EUSCIA2_IRQHandler            
00000aaf  EUSCIA3_IRQHandler            
00000aaf  EUSCIB0_IRQHandler            
00000aaf  EUSCIB1_IRQHandler            
00000aaf  EUSCIB2_IRQHandler            
00000aaf  EUSCIB3_IRQHandler            
00000aaf  FLCTL_IRQHandler              
00000aaf  FPU_IRQHandler                
00000aaf  HardFault_Handler             
00000aaf  MemManage_Handler             
00000aaf  NMI_Handler                   
00000aaf  PCM_IRQHandler                
00000aaf  PORT1_IRQHandler              
00000aaf  PORT2_IRQHandler              
00000aaf  PORT3_IRQHandler              
00000aaf  PORT4_IRQHandler              
00000aaf  PORT5_IRQHandler              
00000aaf  PORT6_IRQHandler              
00000aaf  PSS_IRQHandler                
00000aaf  PendSV_Handler                
00000aaf  RTC_C_IRQHandler              
00000aaf  SVC_Handler                   
00000aaf  SysTick_Handler               
00000aaf  T32_INT1_IRQHandler           
00000aaf  T32_INT2_IRQHandler           
00000aaf  T32_INTC_IRQHandler           
00000aaf  TA0_0_IRQHandler              
00000aaf  TA0_N_IRQHandler              
00000aaf  TA1_0_IRQHandler              
00000aaf  TA1_N_IRQHandler              
00000aaf  TA2_0_IRQHandler              
00000aaf  TA2_N_IRQHandler              
00000aaf  TA3_0_IRQHandler              
00000aaf  TA3_N_IRQHandler              
00000aaf  UsageFault_Handler            
00000aaf  WDT_A_IRQHandler              
00000ab1  _system_pre_init              
00000ab5  C$$EXIT                       
00000ab5  abort                         
00000ab8  P1_IN                         
00000abc  P1_OUT                        
00000ac0  P1_DIR                        
00000ac4  P1_SEL0                       
00000ac8  P1_SEL1                       
00000acc  P1_REN                        
00000ad0  P1_IES                        
00000ad4  P1_IE                         
00000ad8  P1_IFG                        
00000adc  P2_IN                         
00000ae0  P2_OUT                        
00000ae4  P2_DIR                        
00000ae8  P2_SEL0                       
00000aec  P2_SEL1                       
00000af0  P2_REN                        
00000af4  P2_IES                        
00000af8  P2_IE                         
00000afc  P2_IFG                        
00000b00  SCB_VTOR                      
00000b04  NVIC_ISER1                    
00000b08  NVIC_ISER0                    
00000b0c  T32LOAD1                      
00000b10  T32VALUE1                     
00000b14  T32CONTROL1                   
00000b18  T32INTCLR1                    
00000b1c  T32RIS1                       
00000b20  T32MIS1                       
00000b24  T32BGLOAD1                    
00000b28  TA0_CTL                       
00000b2c  TA0_CTL0                      
00000b30  TA0_CTL1                      
00000b34  TA0_CTL2                      
00000b38  TA0_CTL3                      
00000b3c  TA0_CTL4                      
00000b40  TA0_CTL5                      
00000b44  TA0_CTL6                      
00000b48  TA0_R                         
00000b4c  TA0_CCR0                      
00000b50  TA0_CCR1                      
00000b54  TA0_CCR2                      
00000b58  TA0_CCR3                      
00000b5c  TA0_CCR4                      
00000b60  TA0_CCR5                      
00000b64  TA0_CCR6                      
00000b68  TA0_IV                        
00000b6c  TA0_EX0                       
00000b70  PMAP_KEYID                    
00000b74  PMAP_CTL                      
00000b78  PMAP_P2MAP0                   
00000b80  __TI_Handler_Table_Base       
00000b8c  __TI_Handler_Table_Limit      
00000ba0  __TI_CINIT_Base               
00000bb0  __TI_CINIT_Limit              
20000000  __start___llvm_prf_cnts       
20000000  __stop___llvm_prf_cnts        
20000000  vtab                          
20000140  SystemCoreClock               
20000144  PB1_a                         
20000145  PB2_a                         
2000fe00  __stack                       
20010000  __STACK_END                   
4000480c  WDTCTL_SYM                    
ffffffff  __TI_pprof_out_hndl           
ffffffff  __TI_prof_data_size           
ffffffff  __TI_prof_data_start          
ffffffff  __binit__                     
ffffffff  __c_args__                    
ffffffff  binit                         
UNDEFED   __mpu_init                    
UNDEFED   _system_post_cinit            

[147 symbols]
