******************************************************************************
                  TI ARM Linker PC v20.2.4                     
******************************************************************************
>> Linked Tue Apr  4 09:51:46 2023

OUTPUT FILE NAME:   <TP5_2_TIMER32_BP.out>
ENTRY POINT SYMBOL: "_c_int00_noargs"  address: 00000aa5


MEMORY CONFIGURATION

         name            origin    length      used     unused   attr    fill
----------------------  --------  ---------  --------  --------  ----  --------
  MAIN                  00000000   00040000  00000c0c  0003f3f4  R  X
  INFO                  00200000   00004000  00000000  00004000  R  X
  SRAM_CODE             01000000   00010000  0000034c  0000fcb4  RW X
  SRAM_DATA             20000000   00010000  0000034c  0000fcb4  RW  


SEGMENT ALLOCATION MAP

run origin  load origin   length   init length attrs members
----------  ----------- ---------- ----------- ----- -------
00000000    00000000    00000c10   00000c10    r-x
  00000000    00000000    000000e4   000000e4    r-- .intvecs
  000000e4    000000e4    00000a34   00000a34    r-x .text
  00000b18    00000b18    000000c4   000000c4    r-- .const
  00000be0    00000be0    00000030   00000030    r-- .cinit
20000000    20000000    0000014c   00000000    rw-
  20000000    20000000    00000140   00000000    rw- .vtable
  20000140    20000140    0000000c   00000000    rw- .data
2000fe00    2000fe00    00000200   00000000    rw-
  2000fe00    2000fe00    00000200   00000000    rw- .stack


SECTION ALLOCATION MAP

 output                                  attributes/
section   page    origin      length       input sections
--------  ----  ----------  ----------   ----------------
.intvecs   0    00000000    000000e4     
                  00000000    000000e4     startup_msp432p401r_ccs.obj (.intvecs:retain)

.text      0    000000e4    00000a34     
                  000000e4    00000414     ige3016_lib.obj (.text)
                  000004f8    00000334     system_msp432p401r.obj (.text)
                  0000082c    00000130     main.obj (.text)
                  0000095c    0000009c     rtsv7M4_T_le_v4SPD16_eabi.lib : memcpy_t2.asm.obj (.text)
                  000009f8    00000068                                   : copy_decompress_lzss.c.obj (.text:decompress:lzss:__TI_decompress_lzss)
                  00000a60    00000044                                   : autoinit.c.obj (.text:__TI_auto_init_nobinit_nopinit:__TI_auto_init_nobinit_nopinit)
                  00000aa4    00000034                                   : boot_cortex_m.c.obj (.text:_c_int00_noargs:_c_int00_noargs)
                  00000ad8    0000001c                                   : copy_zero_init.c.obj (.text:decompress:ZI:__TI_zero_init_nomemset:__TI_zero_init_nomemset)
                  00000af4    0000000e                                   : copy_decompress_none.c.obj (.text:decompress:none:__TI_decompress_none)
                  00000b02    0000000e     startup_msp432p401r_ccs.obj (.text)
                  00000b10    00000004     rtsv7M4_T_le_v4SPD16_eabi.lib : pre_init.c.obj (.text:_system_pre_init)
                  00000b14    00000004                                   : exit.c.obj (.text:abort:abort)

.const     0    00000b18    000000c4     
                  00000b18    000000c4     ige3016_lib.obj (.const)

.cinit     0    00000be0    00000030     
                  00000be0    0000000c     (__TI_handler_table)
                  00000bec    0000000b     (.cinit..data.load) [load image, compression = lzss]
                  00000bf7    00000001     --HOLE-- [fill = 0]
                  00000bf8    00000008     (.cinit..vtable.load) [load image, compression = zero_init]
                  00000c00    00000010     (__TI_cinit_table)

.init_array 
*          0    00000000    00000000     UNINITIALIZED

.binit     0    00000000    00000000     

.vtable    0    20000000    00000140     UNINITIALIZED
                  20000000    00000140     ige3016_lib.obj (.vtable:retain)

.data      0    20000140    0000000c     UNINITIALIZED
                  20000140    00000008     main.obj (.data)
                  20000148    00000004     system_msp432p401r.obj (.data)

.stack     0    2000fe00    00000200     UNINITIALIZED
                  2000fe00    00000004     rtsv7M4_T_le_v4SPD16_eabi.lib : boot_cortex_m.c.obj (.stack)
                  2000fe04    000001fc     --HOLE--

__llvm_prf_cnts 
*          0    20000000    00000000     UNINITIALIZED

MODULE SUMMARY

       Module                        code   ro data   rw data
       ------                        ----   -------   -------
    .\
       ige3016_lib.obj               1044   196       640    
       system_msp432p401r.obj        820    0         8      
       main.obj                      304    0         16     
       startup_msp432p401r_ccs.obj   14     228       0      
    +--+-----------------------------+------+---------+---------+
       Total:                        2182   424       664    
                                                             
    C:\ti\ccs1031\ccs\tools\compiler\ti-cgt-arm_20.2.4.LTS\lib\rtsv7M4_T_le_v4SPD16_eabi.lib
       memcpy_t2.asm.obj             156    0         0      
       copy_decompress_lzss.c.obj    104    0         0      
       autoinit.c.obj                68     0         0      
       boot_cortex_m.c.obj           52     0         0      
       copy_zero_init.c.obj          28     0         0      
       copy_decompress_none.c.obj    14     0         0      
       exit.c.obj                    4      0         0      
       pre_init.c.obj                4      0         0      
    +--+-----------------------------+------+---------+---------+
       Total:                        430    0         0      
                                                             
       Stack:                        0      0         1024   
       Linker Generated:             0      47        0      
    +--+-----------------------------+------+---------+---------+
       Grand Total:                  2612   471       1688   


LINKER GENERATED COPY TABLES

__TI_cinit_table @ 00000c00 records: 2, size/record: 8, table size: 16
	.data: load addr=00000bec, load size=0000000b bytes, run addr=20000140, run size=0000000c bytes, compression=lzss
	.vtable: load addr=00000bf8, load size=00000008 bytes, run addr=20000000, run size=00000140 bytes, compression=zero_init


LINKER GENERATED HANDLER TABLE

__TI_handler_table @ 00000be0 records: 3, size/record: 4, table size: 12
	index: 0, handler: __TI_zero_init
	index: 1, handler: __TI_decompress_lzss
	index: 2, handler: __TI_decompress_none


GLOBAL SYMBOLS: SORTED ALPHABETICALLY BY Name 

address   name                          
-------   ----                          
00000b0f  ADC14_IRQHandler              
00000b0f  AES256_IRQHandler             
00000b0f  BusFault_Handler              
00000b15  C$$EXIT                       
00000b0f  COMP_E0_IRQHandler            
00000b0f  COMP_E1_IRQHandler            
00000b0f  CS_IRQHandler                 
00000b0f  DMA_ERR_IRQHandler            
00000b0f  DMA_INT0_IRQHandler           
00000b0f  DMA_INT1_IRQHandler           
00000b0f  DMA_INT2_IRQHandler           
00000b0f  DMA_INT3_IRQHandler           
00000b0f  DebugMon_Handler              
00000b0f  Default_Handler               
00000b0f  EUSCIA0_IRQHandler            
00000b0f  EUSCIA1_IRQHandler            
00000b0f  EUSCIA2_IRQHandler            
00000b0f  EUSCIA3_IRQHandler            
00000b0f  EUSCIB0_IRQHandler            
00000b0f  EUSCIB1_IRQHandler            
00000b0f  EUSCIB2_IRQHandler            
00000b0f  EUSCIB3_IRQHandler            
00000b0f  FLCTL_IRQHandler              
00000b0f  FPU_IRQHandler                
00000b0f  HardFault_Handler             
00000b0f  MemManage_Handler             
00000b0f  NMI_Handler                   
00000b68  NVIC_ISER0                    
00000b64  NVIC_ISER1                    
00000b20  P1_DIR                        
00000b34  P1_IE                         
00000b30  P1_IES                        
00000b38  P1_IFG                        
00000b18  P1_IN                         
00000b1c  P1_OUT                        
00000b2c  P1_REN                        
00000b24  P1_SEL0                       
00000b28  P1_SEL1                       
00000b44  P2_DIR                        
00000b58  P2_IE                         
00000b54  P2_IES                        
00000b5c  P2_IFG                        
00000b3c  P2_IN                         
00000b40  P2_OUT                        
00000b50  P2_REN                        
00000b48  P2_SEL0                       
00000b4c  P2_SEL1                       
00000b0f  PCM_IRQHandler                
00000bd4  PMAP_CTL                      
00000bd0  PMAP_KEYID                    
00000bd8  PMAP_P2MAP0                   
00000b0f  PORT1_IRQHandler              
00000b0f  PORT2_IRQHandler              
00000b0f  PORT3_IRQHandler              
00000b0f  PORT4_IRQHandler              
00000b0f  PORT5_IRQHandler              
00000b0f  PORT6_IRQHandler              
00000b0f  PSS_IRQHandler                
00000b0f  PendSV_Handler                
00000b0f  RTC_C_IRQHandler              
00000b03  Reset_Handler                 
00000b60  SCB_VTOR                      
00000b0f  SVC_Handler                   
00000b0f  SysTick_Handler               
20000148  SystemCoreClock               
000004f9  SystemCoreClockUpdate         
00000771  SystemInit                    
00000b84  T32BGLOAD1                    
00000b74  T32CONTROL1                   
00000b78  T32INTCLR1                    
00000b6c  T32LOAD1                      
00000b80  T32MIS1                       
00000b7c  T32RIS1                       
00000b70  T32VALUE1                     
00000b0f  T32_INT1_IRQHandler           
00000b0f  T32_INT2_IRQHandler           
00000b0f  T32_INTC_IRQHandler           
00000b0f  TA0_0_IRQHandler              
00000bac  TA0_CCR0                      
00000bb0  TA0_CCR1                      
00000bb4  TA0_CCR2                      
00000bb8  TA0_CCR3                      
00000bbc  TA0_CCR4                      
00000bc0  TA0_CCR5                      
00000bc4  TA0_CCR6                      
00000b88  TA0_CTL                       
00000b8c  TA0_CTL0                      
00000b90  TA0_CTL1                      
00000b94  TA0_CTL2                      
00000b98  TA0_CTL3                      
00000b9c  TA0_CTL4                      
00000ba0  TA0_CTL5                      
00000ba4  TA0_CTL6                      
00000bcc  TA0_EX0                       
00000bc8  TA0_IV                        
00000b0f  TA0_N_IRQHandler              
00000ba8  TA0_R                         
00000b0f  TA1_0_IRQHandler              
00000b0f  TA1_N_IRQHandler              
00000b0f  TA2_0_IRQHandler              
00000b0f  TA2_N_IRQHandler              
00000b0f  TA3_0_IRQHandler              
00000b0f  TA3_N_IRQHandler              
00000b0f  UsageFault_Handler            
4000480c  WDTCTL_SYM                    
00000b0f  WDT_A_IRQHandler              
20010000  __STACK_END                   
00000200  __STACK_SIZE                  
00000c00  __TI_CINIT_Base               
00000c10  __TI_CINIT_Limit              
00000be0  __TI_Handler_Table_Base       
00000bec  __TI_Handler_Table_Limit      
00000a61  __TI_auto_init_nobinit_nopinit
000009f9  __TI_decompress_lzss          
00000af5  __TI_decompress_none          
ffffffff  __TI_pprof_out_hndl           
ffffffff  __TI_prof_data_size           
ffffffff  __TI_prof_data_start          
00000000  __TI_static_base__            
00000ad9  __TI_zero_init_nomemset       
0000095d  __aeabi_memcpy                
0000095d  __aeabi_memcpy4               
0000095d  __aeabi_memcpy8               
ffffffff  __binit__                     
ffffffff  __c_args__                    
UNDEFED   __mpu_init                    
2000fe00  __stack                       
20000000  __start___llvm_prf_cnts       
20000000  __stop___llvm_prf_cnts        
00000aa5  _c_int00_noargs               
UNDEFED   _system_post_cinit            
00000b11  _system_pre_init              
00000b15  abort                         
ffffffff  binit                         
20000144  flag_BP1                      
20000140  flag_TIMER32                  
000000e5  init_BP                       
00000187  init_LEDR                     
0000047f  init_PMAPCTL                  
0000031d  init_TIMERA0                  
000001e7  init_ledRGB                   
00000277  init_timer32                  
00000000  interruptVectors              
0000084f  isr_button                    
0000082d  isr_timer32                   
00000873  main                          
0000095d  memcpy                        
20000000  vtab                          


GLOBAL SYMBOLS: SORTED BY Symbol Address 

address   name                          
-------   ----                          
00000000  __TI_static_base__            
00000000  interruptVectors              
000000e5  init_BP                       
00000187  init_LEDR                     
000001e7  init_ledRGB                   
00000200  __STACK_SIZE                  
00000277  init_timer32                  
0000031d  init_TIMERA0                  
0000047f  init_PMAPCTL                  
000004f9  SystemCoreClockUpdate         
00000771  SystemInit                    
0000082d  isr_timer32                   
0000084f  isr_button                    
00000873  main                          
0000095d  __aeabi_memcpy                
0000095d  __aeabi_memcpy4               
0000095d  __aeabi_memcpy8               
0000095d  memcpy                        
000009f9  __TI_decompress_lzss          
00000a61  __TI_auto_init_nobinit_nopinit
00000aa5  _c_int00_noargs               
00000ad9  __TI_zero_init_nomemset       
00000af5  __TI_decompress_none          
00000b03  Reset_Handler                 
00000b0f  ADC14_IRQHandler              
00000b0f  AES256_IRQHandler             
00000b0f  BusFault_Handler              
00000b0f  COMP_E0_IRQHandler            
00000b0f  COMP_E1_IRQHandler            
00000b0f  CS_IRQHandler                 
00000b0f  DMA_ERR_IRQHandler            
00000b0f  DMA_INT0_IRQHandler           
00000b0f  DMA_INT1_IRQHandler           
00000b0f  DMA_INT2_IRQHandler           
00000b0f  DMA_INT3_IRQHandler           
00000b0f  DebugMon_Handler              
00000b0f  Default_Handler               
00000b0f  EUSCIA0_IRQHandler            
00000b0f  EUSCIA1_IRQHandler            
00000b0f  EUSCIA2_IRQHandler            
00000b0f  EUSCIA3_IRQHandler            
00000b0f  EUSCIB0_IRQHandler            
00000b0f  EUSCIB1_IRQHandler            
00000b0f  EUSCIB2_IRQHandler            
00000b0f  EUSCIB3_IRQHandler            
00000b0f  FLCTL_IRQHandler              
00000b0f  FPU_IRQHandler                
00000b0f  HardFault_Handler             
00000b0f  MemManage_Handler             
00000b0f  NMI_Handler                   
00000b0f  PCM_IRQHandler                
00000b0f  PORT1_IRQHandler              
00000b0f  PORT2_IRQHandler              
00000b0f  PORT3_IRQHandler              
00000b0f  PORT4_IRQHandler              
00000b0f  PORT5_IRQHandler              
00000b0f  PORT6_IRQHandler              
00000b0f  PSS_IRQHandler                
00000b0f  PendSV_Handler                
00000b0f  RTC_C_IRQHandler              
00000b0f  SVC_Handler                   
00000b0f  SysTick_Handler               
00000b0f  T32_INT1_IRQHandler           
00000b0f  T32_INT2_IRQHandler           
00000b0f  T32_INTC_IRQHandler           
00000b0f  TA0_0_IRQHandler              
00000b0f  TA0_N_IRQHandler              
00000b0f  TA1_0_IRQHandler              
00000b0f  TA1_N_IRQHandler              
00000b0f  TA2_0_IRQHandler              
00000b0f  TA2_N_IRQHandler              
00000b0f  TA3_0_IRQHandler              
00000b0f  TA3_N_IRQHandler              
00000b0f  UsageFault_Handler            
00000b0f  WDT_A_IRQHandler              
00000b11  _system_pre_init              
00000b15  C$$EXIT                       
00000b15  abort                         
00000b18  P1_IN                         
00000b1c  P1_OUT                        
00000b20  P1_DIR                        
00000b24  P1_SEL0                       
00000b28  P1_SEL1                       
00000b2c  P1_REN                        
00000b30  P1_IES                        
00000b34  P1_IE                         
00000b38  P1_IFG                        
00000b3c  P2_IN                         
00000b40  P2_OUT                        
00000b44  P2_DIR                        
00000b48  P2_SEL0                       
00000b4c  P2_SEL1                       
00000b50  P2_REN                        
00000b54  P2_IES                        
00000b58  P2_IE                         
00000b5c  P2_IFG                        
00000b60  SCB_VTOR                      
00000b64  NVIC_ISER1                    
00000b68  NVIC_ISER0                    
00000b6c  T32LOAD1                      
00000b70  T32VALUE1                     
00000b74  T32CONTROL1                   
00000b78  T32INTCLR1                    
00000b7c  T32RIS1                       
00000b80  T32MIS1                       
00000b84  T32BGLOAD1                    
00000b88  TA0_CTL                       
00000b8c  TA0_CTL0                      
00000b90  TA0_CTL1                      
00000b94  TA0_CTL2                      
00000b98  TA0_CTL3                      
00000b9c  TA0_CTL4                      
00000ba0  TA0_CTL5                      
00000ba4  TA0_CTL6                      
00000ba8  TA0_R                         
00000bac  TA0_CCR0                      
00000bb0  TA0_CCR1                      
00000bb4  TA0_CCR2                      
00000bb8  TA0_CCR3                      
00000bbc  TA0_CCR4                      
00000bc0  TA0_CCR5                      
00000bc4  TA0_CCR6                      
00000bc8  TA0_IV                        
00000bcc  TA0_EX0                       
00000bd0  PMAP_KEYID                    
00000bd4  PMAP_CTL                      
00000bd8  PMAP_P2MAP0                   
00000be0  __TI_Handler_Table_Base       
00000bec  __TI_Handler_Table_Limit      
00000c00  __TI_CINIT_Base               
00000c10  __TI_CINIT_Limit              
20000000  __start___llvm_prf_cnts       
20000000  __stop___llvm_prf_cnts        
20000000  vtab                          
20000140  flag_TIMER32                  
20000144  flag_BP1                      
20000148  SystemCoreClock               
2000fe00  __stack                       
20010000  __STACK_END                   
4000480c  WDTCTL_SYM                    
ffffffff  __TI_pprof_out_hndl           
ffffffff  __TI_prof_data_size           
ffffffff  __TI_prof_data_start          
ffffffff  __binit__                     
ffffffff  __c_args__                    
ffffffff  binit                         
UNDEFED   __mpu_init                    
UNDEFED   _system_post_cinit            

[148 symbols]
